// Jest Snapshot v1, https://goo.gl/fbAQLP

exports[`expect to render CartItem 1`] = `ShallowWrapper {}`;
