// Jest Snapshot v1, https://goo.gl/fbAQLP

exports[`expect to render CustomButton 1`] = `ShallowWrapper {}`;
